// Jest Snapshot v1, https://goo.gl/fbAQLP

exports[`コンポーネントが描画されること 1`] = `
<div
  className="footer"
  data-testid="footer"
>
  <div
    className="privacy_policy"
  >
    <p
      onClick={[Function]}
    >
      プライバシーポリシー
    </p>
  </div>
  <p>
    ©︎2022    
    <a
      href="fugafuga"
      rel="noopener noreferrer"
      target="_blank"
    >
      @meitonto37
    </a>
  </p>
</div>
`;
