// Jest Snapshot v1, https://goo.gl/fbAQLP

exports[`コンポーネントが描画されること 1`] = `
<div
  className="publishment"
>
  <div
    className="publishment-title"
  >
    <p
      className="publishment-title-jp"
    >
      同人誌
    </p>
    <p
      className="publishment-title-en"
    >
      Publishment
    </p>
  </div>
  <div
    className="publishment-table"
  >
    <div
      className="publishment-cell"
    >
      <picture>
        <source
          srcSet="sample.webp"
          type="image/webp"
        />
        <img
          aria-label="publishment-image"
          src="sample.jpeg"
        />
      </picture>
      <h1>
        sample title
      </h1>
      <p>
        sample description
      </p>
    </div>
  </div>
  <div
    className="booth-link"
  >
    <a
      href="https://keisokoga-moon.booth.pm/"
      rel="noopener noreferrer"
      target="_blank"
    >
      <img
        aria-label="booth-logo"
        src="booth_logo.png"
      />
    </a>
    <p>
      一部の同人誌は BOOTH でも扱っております
    </p>
  </div>
</div>
`;
